num_seq = 1
file name: dataset-V103_stereo_imu
Loading images for sequence 0...LOADED!
Loading IMU for sequence 0...LOADED!

-------

ORB-SLAM3 Copyright (C) 2017-2020 Carlos Campos, Richard Elvira, Juan J. Gómez, José M.M. Montiel and Juan D. Tardós, University of Zaragoza.
ORB-SLAM2 Copyright (C) 2014-2016 Raúl Mur-Artal, José M.M. Montiel and Juan D. Tardós, University of Zaragoza.
This program comes with ABSOLUTELY NO WARRANTY;
This is free software, and you are welcome to redistribute it
under certain conditions. See LICENSE.txt.

Built with REGISTER_TIMES
Git Commit Hash: 09c08e6-dirty

Build Type: Release

Compiled with C++ version: 201703

Input sensor was set to: Stereo-Inertial
Loading settings from ./Examples/Stereo-Inertial/EuRoC_fov_deadlines.yaml
Camera1.k3 optional parameter does not exist...
	-Loaded camera 1
Camera2.k3 optional parameter does not exist...
	-Loaded camera 2
Camera.newHeight optional parameter does not exist...
Camera.newWidth optional parameter does not exist...
	-Loaded image info
IMU.InsertKFsWhenLost optional parameter does not exist...
	-Loaded IMU calibration
	-Loaded ORB settings
	-Loaded viewer settings
System.LoadAtlasFromFile optional parameter does not exist...
System.SaveAtlasToFile optional parameter does not exist...
	-Loaded Atlas settings
System.thFarPoints optional parameter does not exist...
Deadlines enabled, will skip frames!
FOV enabled
Static mask size: 6x6
System.enableOasis optional parameter does not exist...
Dumping map points enabled
	-Loaded misc parameters
	-Computed rectification maps
----------------------------------
SLAM settings: 
	-Camera 1 parameters (Pinhole): [ 458.65399169921875 457.29598999023438 367.21499633789062 248.375 ]
	-Camera 1 distortion parameters: [  -0.28340810537338257 0.073959067463874817 0.00019359000725671649 1.7618711353861727e-05 ]
	-Camera 2 parameters (Pinhole: [ 457.58700561523438 456.13400268554688 379.99899291992188 255.23800659179688 ]
	-Camera 1 distortion parameters: [  -0.2836836576461792 0.074512839317321777 -0.00010473000293131918 -3.555907096597366e-05 ]
	-Original image size: [ 752 , 480 ]
	-Current image size: [ 752 , 480 ]
	-Camera 1 parameters after rectification: [  456.71499633789062 456.71499633789062 364.52615356445312 257.268798828125 ]
	-Sequence FPS: 20
	-Stereo baseline: 0.11007784307003021
	-Stereo depth threshold : 60
	-Gyro noise: 0.00016999999934341758
	-Accelerometer noise: 0.0020000000949949026
	-Gyro walk: 1.9392999092815444e-05
	-Accelerometer walk: 0.0030000000260770321
	-IMU frequency: 200
	-Features per image: 1200
	-ORB scale factor: 1.2000000476837158
	-ORB number of scales: 8
	-Initial FAST threshold: 20
	-Min FAST threshold: 7


Loading ORB Vocabulary. This could take a while...
Vocabulary loaded!

Initialization of Atlas from scratch 
Creation of new map with id: 0
Creation of new map with last KF id: 0
Seq. Name: 
There are 1 cameras in the atlas
Camera 0 is pinhole
SLAM Started at System Time: 1752425959.61654
not IMU meas
not IMU meas
not enough acceleration
not enough acceleration
not enough acceleration
not enough acceleration
not enough acceleration
not enough acceleration
not enough acceleration
not enough acceleration
not enough acceleration
not enough acceleration
not enough acceleration
not enough acceleration
not enough acceleration
not enough acceleration
not enough acceleration
not enough acceleration
not enough acceleration
not enough acceleration
not enough acceleration
not enough acceleration
not enough acceleration
not enough acceleration
not enough acceleration
not enough acceleration
not enough acceleration
not enough acceleration
not enough acceleration
not enough acceleration
not enough acceleration
not enough acceleration
not enough acceleration
not enough acceleration
not enough acceleration
not enough acceleration
not enough acceleration
not enough acceleration
not enough acceleration
not enough acceleration
not enough acceleration
not enough acceleration
not enough acceleration
not enough acceleration
not enough acceleration
not enough acceleration
not enough acceleration
not enough acceleration
not enough acceleration
not enough acceleration
not enough acceleration
not enough acceleration
not enough acceleration
not enough acceleration
not enough acceleration
not enough acceleration
not enough acceleration
not enough acceleration
not enough acceleration
not enough acceleration
not enough acceleration
not enough acceleration
not enough acceleration
not enough acceleration
not enough acceleration
not enough acceleration
not enough acceleration
not enough acceleration
not enough acceleration
not enough acceleration
not enough acceleration
not enough acceleration
not enough acceleration
not enough acceleration
not enough acceleration
not enough acceleration
not enough acceleration
not enough acceleration
not enough acceleration
not enough acceleration
not enough acceleration
not enough acceleration
not enough acceleration
not enough acceleration
not enough acceleration
not enough acceleration
not enough acceleration
not enough acceleration
not enough acceleration
not enough acceleration
not enough acceleration
not enough acceleration
not enough acceleration
not enough acceleration
not enough acceleration
not enough acceleration
not enough acceleration
not enough acceleration
not enough acceleration
not enough acceleration
not enough acceleration
not enough acceleration
not enough acceleration
not enough acceleration
not enough acceleration
not enough acceleration
not enough acceleration
not enough acceleration
not enough acceleration
not enough acceleration
not enough acceleration
not enough acceleration
not enough acceleration
not enough acceleration
not enough acceleration
not enough acceleration
not enough acceleration
not enough acceleration
not enough acceleration
not enough acceleration
not enough acceleration
not enough acceleration
not enough acceleration
not enough acceleration
not enough acceleration
not enough acceleration
not enough acceleration
not enough acceleration
not enough acceleration
not enough acceleration
not enough acceleration
not enough acceleration
not enough acceleration
not enough acceleration
not enough acceleration
not enough acceleration
First KF:0; Map init KF:0
New Map created with 319 points
Active map: 0
start VIBA 1
end VIBA 1
start VIBA 2
end VIBA 2
PR: Loop detected with Reffine Sim3
*Loop detected
phi =  0.053781714346635236 -0.053019824540109561  -0.15263057649571943
BAD LOOP!!!
*Loop detected
phi =   0.06338398240075728 -0.068137637244700885  -0.16330012060951424
BAD LOOP!!!
*Loop detected
phi =  0.033047868719023633 -0.023989685929761549 0.0028448863509674296
BAD LOOP!!!
*Loop detected
phi =  0.0040893195011744389 -0.0093151711860790312  -0.027979333175238111
BAD LOOP!!!
*Loop detected
phi = -0.0013437949373205013  0.0090893903525303306 -0.0049649979813805589
BAD LOOP!!!
*Loop detected
phi =   0.11628131036137605 -0.057708764015919511  0.015145684798897628
BAD LOOP!!!
*Loop detected
phi =  0.031956630864339065 -0.046688416799693627 -0.058291098700968151
BAD LOOP!!!
*Loop detected
phi =  0.076279796350526549 0.0030720975266656245 -0.052465127618975795
BAD LOOP!!!
*Loop detected
phi =  0.032540836591911967 -0.038317423969510107  -0.18406820718004302
BAD LOOP!!!
*Loop detected
phi =     0.028858814051776 -0.010494954838647607 -0.042574045122058098
BAD LOOP!!!
*Loop detected
phi = -0.0044549616720142493   0.010579999180556628  -0.034195293131016338
BAD LOOP!!!
*Loop detected
phi = -0.0082130070244919948  0.0060194090161787553  0.0046805105180204197
BAD LOOP!!!
*Loop detected
phi = -0.0035006336823717606  0.0041828990147604666  0.0062317911065386403
Local Mapping STOP
Local Mapping RELEASE
Local Mapping STOP
Local Mapping RELEASE
*Loop detected
phi =   0.03433457931936007 -0.017498449845418231 -0.022380421923222385
BAD LOOP!!!
*Loop detected
phi = -0.0070000635813020429   0.010846173878549586  -0.010049914489655339
BAD LOOP!!!
*Loop detected
phi = 0.00062371239580904115 -0.0021438768900399396  -0.014054597742002106
Local Mapping STOP
Local Mapping RELEASE
Local Mapping STOP
Local Mapping RELEASE
Shutdown
SLAM Finished at System Time: 1752426078.65842

 TIME STATS in ms (mean$\pm$std)
OpenCV version: 4.6.0
---------------------------
Tracking

ORB Extraction: 10.018$\pm$1.4255
Stereo Matching: 5.1557$\pm$2.141
IMU Preintegration: 0.12091$\pm$0.04819
Pose Prediction: 0.14806$\pm$0.67011
LM Track: 8.3677$\pm$2.8988
New KF decision: 0.96178$\pm$1.6466
Total Tracking: 27.366$\pm$6.0802



Local Mapping

KF Insertion: 5.1076$\pm$2.8586
MP Culling: 0.23038$\pm$0.17345
MP Creation: 15.788$\pm$9.8461
LBA: 77.743$\pm$34.054
KF Culling: 5.5014$\pm$4.2003
Total Local Mapping: 104.46$\pm$46.69
---------------------------

LBA complexity (mean$\pm$std)
LBA Edges: 3440.5$\pm$916.47
LBA KF optimized: 6.5$\pm$2.2913
LBA KF fixed: 1$\pm$0
LBA MP: -nan$\pm$-nan

LBA executions: 579
LBA aborts: 0
---------------------------

Map complexity
KFs in map: 145
MPs in map: 9071
---------------------------

Place Recognition (mean$\pm$std)
Database Query: 0.60104$\pm$0.44056
SE3 estimation: 8.5898$\pm$8.0501
Total Place Recognition: 7.8987$\pm$8.3766


Loop Closing (mean$\pm$std)
Loop Fusion: 37.609$\pm$10.985
Essential Graph: 50.241$\pm$2.3798
Total Loop Closing: 92.386$\pm$10.795

Num exec: 2
Number of KFs: -nan$\pm$-nan

Map Merging (mean$\pm$std)
Merge Maps: -nan$\pm$-nan
Welding BA: -nan$\pm$-nan
Optimization Ess.: -nan$\pm$-nan
Total Map Merging: -nan$\pm$-nan

Num exec: 0
Number of KFs: -nan$\pm$-nan
Number of MPs: -nan$\pm$-nan

Full GBA (mean$\pm$std)
GBA: 974.94$\pm$100.08
Map Update: 13.34$\pm$5.5122
Total Full GBA: 988.28$\pm$94.564

Num exec: 2
Num abort: 0
Number of KFs: 161$\pm$2
Number of MPs: 11424$\pm$176.5

Saving trajectory to f_dataset-V103_stereo_imu.txt ...
There are 1 maps in the atlas
  Map 0 has 145 KFs

End of saving trajectory to f_dataset-V103_stereo_imu.txt ...

Saving keyframe trajectory to kf_dataset-V103_stereo_imu.txt ...
