num_seq = 1
file name: dataset-V203_stereo_imu
Loading images for sequence 0...LOADED!
Loading IMU for sequence 0...LOADED!

-------

ORB-SLAM3 Copyright (C) 2017-2020 Carlos Campos, Richard Elvira, Juan J. Gómez, José M.M. Montiel and Juan D. Tardós, University of Zaragoza.
ORB-SLAM2 Copyright (C) 2014-2016 Raúl Mur-Artal, José M.M. Montiel and Juan D. Tardós, University of Zaragoza.
This program comes with ABSOLUTELY NO WARRANTY;
This is free software, and you are welcome to redistribute it
under certain conditions. See LICENSE.txt.

Built with REGISTER_TIMES
Git Commit Hash: 09c08e6-dirty

Build Type: Release

Compiled with C++ version: 201703

Input sensor was set to: Stereo-Inertial
Loading settings from ./Examples/Stereo-Inertial/EuRoC_deadlines.yaml
Camera1.k3 optional parameter does not exist...
	-Loaded camera 1
Camera2.k3 optional parameter does not exist...
	-Loaded camera 2
Camera.newHeight optional parameter does not exist...
Camera.newWidth optional parameter does not exist...
	-Loaded image info
IMU.InsertKFsWhenLost optional parameter does not exist...
	-Loaded IMU calibration
	-Loaded ORB settings
	-Loaded viewer settings
System.LoadAtlasFromFile optional parameter does not exist...
System.SaveAtlasToFile optional parameter does not exist...
	-Loaded Atlas settings
System.thFarPoints optional parameter does not exist...
Deadlines enabled, will skip frames!
System.enableFOV optional parameter does not exist...
System.maskHeight optional parameter does not exist...
System.maskWidth optional parameter does not exist...
System.enableOasis optional parameter does not exist...
System.dumpMapPoints optional parameter does not exist...
	-Loaded misc parameters
	-Computed rectification maps
----------------------------------
SLAM settings: 
	-Camera 1 parameters (Pinhole): [ 458.65399169921875 457.29598999023438 367.21499633789062 248.375 ]
	-Camera 1 distortion parameters: [  -0.28340810537338257 0.073959067463874817 0.00019359000725671649 1.7618711353861727e-05 ]
	-Camera 2 parameters (Pinhole: [ 457.58700561523438 456.13400268554688 379.99899291992188 255.23800659179688 ]
	-Camera 1 distortion parameters: [  -0.2836836576461792 0.074512839317321777 -0.00010473000293131918 -3.555907096597366e-05 ]
	-Original image size: [ 752 , 480 ]
	-Current image size: [ 752 , 480 ]
	-Camera 1 parameters after rectification: [  456.71499633789062 456.71499633789062 364.52615356445312 257.268798828125 ]
	-Sequence FPS: 20
	-Stereo baseline: 0.11007784307003021
	-Stereo depth threshold : 60
	-Gyro noise: 0.00016999999934341758
	-Accelerometer noise: 0.0020000000949949026
	-Gyro walk: 1.9392999092815444e-05
	-Accelerometer walk: 0.0030000000260770321
	-IMU frequency: 200
	-Features per image: 1200
	-ORB scale factor: 1.2000000476837158
	-ORB number of scales: 8
	-Initial FAST threshold: 20
	-Min FAST threshold: 7


Loading ORB Vocabulary. This could take a while...
Vocabulary loaded!

Initialization of Atlas from scratch 
Creation of new map with id: 0
Creation of new map with last KF id: 0
Seq. Name: 
There are 1 cameras in the atlas
Camera 0 is pinhole
SLAM Started at System Time: 1752518067.33057
not IMU meas
not IMU meas
not enough acceleration
not enough acceleration
not enough acceleration
not enough acceleration
not enough acceleration
not enough acceleration
not enough acceleration
not enough acceleration
not enough acceleration
not enough acceleration
not enough acceleration
not enough acceleration
not enough acceleration
not enough acceleration
not enough acceleration
not enough acceleration
not enough acceleration
not enough acceleration
not enough acceleration
not enough acceleration
not enough acceleration
not enough acceleration
not enough acceleration
not enough acceleration
not enough acceleration
not enough acceleration
not enough acceleration
not enough acceleration
not enough acceleration
not enough acceleration
not enough acceleration
not enough acceleration
not enough acceleration
not enough acceleration
not enough acceleration
not enough acceleration
not enough acceleration
not enough acceleration
not enough acceleration
not enough acceleration
not enough acceleration
not enough acceleration
not enough acceleration
not enough acceleration
not enough acceleration
not enough acceleration
not enough acceleration
not enough acceleration
not enough acceleration
not enough acceleration
not enough acceleration
not enough acceleration
not enough acceleration
not enough acceleration
not enough acceleration
not enough acceleration
not enough acceleration
not enough acceleration
not enough acceleration
not enough acceleration
not enough acceleration
not enough acceleration
not enough acceleration
not enough acceleration
not enough acceleration
not enough acceleration
not enough acceleration
not enough acceleration
not enough acceleration
not enough acceleration
not enough acceleration
not enough acceleration
not enough acceleration
not enough acceleration
not enough acceleration
not enough acceleration
not enough acceleration
not enough acceleration
not enough acceleration
not enough acceleration
not enough acceleration
not enough acceleration
not enough acceleration
not enough acceleration
not enough acceleration
not enough acceleration
not enough acceleration
not enough acceleration
not enough acceleration
not enough acceleration
not enough acceleration
not enough acceleration
not enough acceleration
not enough acceleration
not enough acceleration
not enough acceleration
not enough acceleration
not enough acceleration
not enough acceleration
not enough acceleration
not enough acceleration
not enough acceleration
not enough acceleration
not enough acceleration
not enough acceleration
not enough acceleration
not enough acceleration
First KF:0; Map init KF:0
New Map created with 425 points
Active map: 0
start VIBA 1
end VIBA 1
start VIBA 2
end VIBA 2
*Loop detected
phi = -0.014944597256611803  0.060067150489556013  0.028814462728222488
BAD LOOP!!!
*Loop detected
phi =  0.010576641039920408 -0.012698163022394817 -0.093337560771383526
BAD LOOP!!!
*Loop detected
phi = -0.0038438539749460067   0.029502678416878928  -0.016492923559279307
BAD LOOP!!!
*Loop detected
phi = -0.0055390643665233835   0.014695081486749237   0.019213311791480638
BAD LOOP!!!
*Loop detected
phi = -0.0021039077558778177    0.01283458249269883  -0.023477630032689115
BAD LOOP!!!
*Loop detected
phi =  -0.013528995959873464   0.072516392377001596 -0.0010584871714070675
BAD LOOP!!!
*Loop detected
phi = -0.006466278626752941  0.028765968127726322  -0.13685008690701878
BAD LOOP!!!
*Loop detected
phi = -0.0020543518460541606   0.016159361642711534  -0.064740098439289365
BAD LOOP!!!
*Loop detected
phi = 0.047230328782609146 -0.23275976536402282 0.038127615119900933
BAD LOOP!!!
*Loop detected
phi = -0.0053965208523142939   0.023048420204226584   -0.21988639022825801
BAD LOOP!!!
*Loop detected
phi = 0.0038799740157402013  0.059873744215326548  -0.20217707862955173
BAD LOOP!!!
*Loop detected
phi = -0.025493817970796407 0.0032937083154599895  0.008457484929307214
BAD LOOP!!!
*Loop detected
phi = -0.011444490600709836   0.00639679574399397 0.0083758295868329689
BAD LOOP!!!
*Loop detected
phi = -0.010065129968787671  0.002351698014895352 0.0056200081396564263
BAD LOOP!!!
*Loop detected
phi = -0.014799939600462865  0.025138323754066445   0.11203213115749926
BAD LOOP!!!
*Loop detected
phi = -0.007760079607531725  0.018705941458196214   0.10965528829581708
BAD LOOP!!!
*Loop detected
phi =   -0.036047941796118969 -0.00046710766240705323      0.1123776842742832
BAD LOOP!!!
*Loop detected
phi = -0.023728595637612617 0.0071705696514237135   0.12782477407492979
BAD LOOP!!!
*Loop detected
phi = -0.03407819340054842 0.075357744148485312  0.15757921903083916
BAD LOOP!!!
*Loop detected
phi = 0.00063887597662808495 -0.0020564064519616575  0.0079981791532875383
Local Mapping STOP
Local Mapping RELEASE
Dropping frame 1413394973.0057604
Fail to track local map!
Fail to track local map!
Fail to track local map!
Shutdown
SLAM Finished at System Time: 1752518195.24277

 TIME STATS in ms (mean$\pm$std)
OpenCV version: 4.6.0
---------------------------
Tracking

ORB Extraction: 13.358$\pm$1.3728
Stereo Matching: 6.4455$\pm$2.3739
IMU Preintegration: 0.11659$\pm$0.048576
Pose Prediction: 0.12745$\pm$0.51916
LM Track: 8.7389$\pm$2.9967
New KF decision: 0.23206$\pm$0.22823
Total Tracking: 31.768$\pm$5.6642



Local Mapping

KF Insertion: 6.8909$\pm$2.4635
MP Culling: 0.20813$\pm$0.10472
MP Creation: 19.099$\pm$7.9687
LBA: 70.893$\pm$25.915
KF Culling: 5.0664$\pm$3.6917
Total Local Mapping: 102.57$\pm$35.26
---------------------------

LBA complexity (mean$\pm$std)
LBA Edges: 2850.9$\pm$855.63
LBA KF optimized: 6.5$\pm$2.2913
LBA KF fixed: 1$\pm$0
LBA MP: -nan$\pm$-nan

LBA executions: 734
LBA aborts: 1
---------------------------

Map complexity
KFs in map: 234
MPs in map: 11738
---------------------------

Place Recognition (mean$\pm$std)
Database Query: 1.36$\pm$0.77479
SE3 estimation: 12.257$\pm$9.9903
Total Place Recognition: 11.794$\pm$10.716


Loop Closing (mean$\pm$std)
Loop Fusion: 61.396$\pm$0
Essential Graph: 86.696$\pm$0
Total Loop Closing: 226.26$\pm$0

Num exec: 1
Number of KFs: -nan$\pm$-nan

Map Merging (mean$\pm$std)
Merge Maps: -nan$\pm$-nan
Welding BA: -nan$\pm$-nan
Optimization Ess.: -nan$\pm$-nan
Total Map Merging: -nan$\pm$-nan

Num exec: 0
Number of KFs: -nan$\pm$-nan
Number of MPs: -nan$\pm$-nan

Full GBA (mean$\pm$std)
GBA: -nan$\pm$-nan
Map Update: -nan$\pm$-nan
Total Full GBA: -nan$\pm$-nan

Num exec: 0
Num abort: 0
Number of KFs: -nan$\pm$-nan
Number of MPs: -nan$\pm$-nan

Saving trajectory to f_dataset-V203_stereo_imu.txt ...
There are 1 maps in the atlas
  Map 0 has 234 KFs

End of saving trajectory to f_dataset-V203_stereo_imu.txt ...

Saving keyframe trajectory to kf_dataset-V203_stereo_imu.txt ...
